[INFO] Scanning for projects...
[INFO] 
[INFO] ---------------------< estu.ceng.edu:GaltonBoard >----------------------
[INFO] Building GaltonBoard 1.0
[INFO] --------------------------------[ jar ]---------------------------------
[INFO] 
[INFO] --- maven-resources-plugin:2.6:resources (default-resources) @ GaltonBoard ---
[WARNING] Using platform encoding (UTF-8 actually) to copy filtered resources, i.e. build is platform dependent!
[INFO] Copying 0 resource
[INFO] 
[INFO] --- maven-compiler-plugin:3.8.0:compile (default-compile) @ GaltonBoard ---
[INFO] Nothing to compile - all classes are up to date
[INFO] 
[INFO] --- maven-resources-plugin:2.6:testResources (default-testResources) @ GaltonBoard ---
[WARNING] Using platform encoding (UTF-8 actually) to copy filtered resources, i.e. build is platform dependent!
[INFO] skip non existing resourceDirectory /home/ubuntu/Desktop/arastırma_gorevlisi/OS_projects/OS_projects/GaltonBoard/src/test/resources
[INFO] 
[INFO] --- maven-compiler-plugin:3.8.0:testCompile (default-testCompile) @ GaltonBoard ---
[INFO] Changes detected - recompiling the module!
[INFO] Compiling 2 source files to /home/ubuntu/Desktop/arastırma_gorevlisi/OS_projects/OS_projects/GaltonBoard/target/test-classes
[INFO] -------------------------------------------------------------
[ERROR] COMPILATION ERROR : 
[INFO] -------------------------------------------------------------
[ERROR] /home/ubuntu/Desktop/arastırma_gorevlisi/OS_projects/OS_projects/GaltonBoard/src/test/java/estu/ceng/edu/MainTest.java:[57,48] cannot find symbol
  symbol:   method toList()
  location: interface java.util.stream.Stream<java.lang.Integer>
[INFO] 1 error
[INFO] -------------------------------------------------------------
[INFO] ------------------------------------------------------------------------
[INFO] BUILD FAILURE
[INFO] ------------------------------------------------------------------------
[INFO] Total time:  0.728 s
[INFO] Finished at: 2025-03-10T15:23:16+03:00
[INFO] ------------------------------------------------------------------------
[ERROR] Failed to execute goal org.apache.maven.plugins:maven-compiler-plugin:3.8.0:testCompile (default-testCompile) on project GaltonBoard: Compilation failure
[ERROR] /home/ubuntu/Desktop/arastırma_gorevlisi/OS_projects/OS_projects/GaltonBoard/src/test/java/estu/ceng/edu/MainTest.java:[57,48] cannot find symbol
[ERROR]   symbol:   method toList()
[ERROR]   location: interface java.util.stream.Stream<java.lang.Integer>
[ERROR] 
[ERROR] -> [Help 1]
[ERROR] 
[ERROR] To see the full stack trace of the errors, re-run Maven with the -e switch.
[ERROR] Re-run Maven using the -X switch to enable full debug logging.
[ERROR] 
[ERROR] For more information about the errors and possible solutions, please read the following articles:
[ERROR] [Help 1] http://cwiki.apache.org/confluence/display/MAVEN/MojoFailureException

